==================
 " 0-add_integer "
==================

import module.
>>> add_integer = __import__('0-add_integer').add_integer

>>> add_integer(1, 2)
3

>>> add_integer(100, -2)
98

>>> add_integer(100.3, -2)
98

>>> add_integer(2)
100

>>> try:
>>>     print(add_integer(4, "School"))
>>> except Exception as e:
>>>     print(e)
Traceback (most recent call last):
TypeError: b must be an integer

>>> add_integer("School", 1)
TypeError: a must be an integer

>>> add_integer(None)
TypeError: a must be an integer
